2025-04-11 13:52:46,900:INFO: Using /home/bd8619/pygran/LIGGGHTS-PUBLIC/src/libliggghts.so for DEM computations
2025-04-11 13:52:46,971:INFO: Working in /home/bd8619/fluids/bottleneck/sphere_far/DEM_flow
2025-04-11 13:52:46,972:INFO: Creating i/o directories
2025-04-11 13:52:46,972:INFO: Instantiated DEMPy object
2025-04-11 13:52:46,972:INFO: Using /home/bd8619/pygran/LIGGGHTS-PUBLIC/src/libliggghts.so as a shared library for DEM computations
2025-04-11 13:52:46,980:INFO: Setting up problem dimensions and boundaries
2025-04-11 13:52:46,980:INFO: Initializing simulation with PyGranSim version v1.1.0
2025-04-11 13:52:46,980:INFO: Initializing MPI for a total of 1 cores
2025-04-11 13:52:46,980:INFO: Using 1 cores per simulation
2025-04-11 13:52:46,980:DEBUG: Attempting to backup fitting_test.py file
2025-04-11 13:52:46,981:INFO: Creating domain
2025-04-11 13:52:46,983:INFO: Setting up interaction parameters
2025-04-11 13:52:46,984:INFO: Setting up nearest neighbor searching parameters
2025-04-11 13:52:46,985:INFO: Setting up particles for group1
2025-04-11 13:52:46,986:INFO: Setting up integration scheme parameters
2025-04-11 13:52:46,986:INFO: Importing mesh from /home/bd8619/fluids/bottleneck/sphere_far/mesh/silo.stl
2025-04-11 13:52:46,990:INFO: Importing mesh from /home/bd8619/fluids/bottleneck/sphere_far/mesh/sphere.stl
2025-04-11 13:52:46,996:INFO: Setting up trajectory i/o
2025-04-11 13:52:46,999:INFO: Creating property youngsModulus with args youngsModulus peratomtype 10000000.0 63000000000.0 63000000000.0
2025-04-11 13:52:46,999:INFO: Creating property poissonsRatio with args poissonsRatio peratomtype 0.25 0.24 0.24
2025-04-11 13:52:46,999:INFO: Creating property coefficientFriction with args coefficientFriction peratomtypepair 3 0.5 0.5 0.5 0.5 0.5 0.5 0.5 0.5 0.5
2025-04-11 13:52:46,999:INFO: Creating property coefficientRollingFriction with args coefficientRollingFriction peratomtypepair 3 0.0 0.0 0.0 0.0 0.0 0.0 0.0 0.0 0.0
2025-04-11 13:52:46,999:INFO: Creating property cohesionEnergyDensity with args cohesionEnergyDensity peratomtypepair 3 0.0 0.0 0.0 0.0 0.05 0.05 0.0 0.05 0.05
2025-04-11 13:52:46,999:INFO: Creating property coefficientRestitution with args coefficientRestitution peratomtypepair 3 0.9 0.9 0.9 0.9 0.9 0.9 0.9 0.9 0.9
2025-04-11 13:52:46,999:INFO: Creating property coefficientRollingViscousDamping with args coefficientRollingViscousDamping peratomtypepair 3 0.1 0.1 0.1 0.1 0.1 0.1 0.1 0.1 0.1
2025-04-11 13:52:46,999:INFO: Creating property yieldPress with args yieldPress peratomtype 2200000.0 62000000000.0 62000000000.0
2025-04-11 13:52:46,999:INFO: Creating property characteristicVelocity with args characteristicVelocity scalar 0.1 0.1 0.1
2025-04-11 13:52:46,999:INFO: Setting up printing options
2025-04-11 13:52:47,000:INFO: Setting up integration scheme parameters
2025-04-11 13:52:47,000:INFO: Integrating the system for 100000.0 steps
2025-04-11 13:52:47,877:INFO: Setting up integration scheme parameters
2025-04-11 13:52:47,877:INFO: Integrating the system for 10000.0 steps
2025-04-11 13:54:23,408:INFO: Using /home/bd8619/pygran/LIGGGHTS-PUBLIC/src/libliggghts.so for DEM computations
2025-04-11 13:54:23,482:INFO: Working in /home/bd8619/fluids/bottleneck/sphere_far/DEM_flow
2025-04-11 13:54:23,482:INFO: Creating i/o directories
2025-04-11 13:54:23,482:INFO: Instantiated DEMPy object
2025-04-11 13:54:23,482:INFO: Using /home/bd8619/pygran/LIGGGHTS-PUBLIC/src/libliggghts.so as a shared library for DEM computations
2025-04-11 13:54:23,490:INFO: Setting up problem dimensions and boundaries
2025-04-11 13:54:23,491:INFO: Initializing simulation with PyGranSim version v1.1.0
2025-04-11 13:54:23,491:INFO: Initializing MPI for a total of 1 cores
2025-04-11 13:54:23,491:INFO: Using 1 cores per simulation
2025-04-11 13:54:23,491:DEBUG: Attempting to backup fitting_test.py file
2025-04-11 13:54:23,492:INFO: Creating domain
2025-04-11 13:54:23,494:INFO: Setting up interaction parameters
2025-04-11 13:54:23,496:INFO: Setting up nearest neighbor searching parameters
2025-04-11 13:54:23,497:INFO: Setting up particles for group1
2025-04-11 13:54:23,498:INFO: Setting up integration scheme parameters
2025-04-11 13:54:23,498:INFO: Importing mesh from /home/bd8619/fluids/bottleneck/sphere_far/mesh/silo.stl
2025-04-11 13:54:23,503:INFO: Importing mesh from /home/bd8619/fluids/bottleneck/sphere_far/mesh/sphere.stl
2025-04-11 13:54:23,511:INFO: Setting up trajectory i/o
2025-04-11 13:54:23,515:INFO: Creating property youngsModulus with args youngsModulus peratomtype 10000000.0 63000000000.0 63000000000.0
2025-04-11 13:54:23,515:INFO: Creating property poissonsRatio with args poissonsRatio peratomtype 0.25 0.24 0.24
2025-04-11 13:54:23,515:INFO: Creating property coefficientFriction with args coefficientFriction peratomtypepair 3 0.5 0.5 0.5 0.5 0.5 0.5 0.5 0.5 0.5
2025-04-11 13:54:23,515:INFO: Creating property coefficientRollingFriction with args coefficientRollingFriction peratomtypepair 3 0.0 0.0 0.0 0.0 0.0 0.0 0.0 0.0 0.0
2025-04-11 13:54:23,515:INFO: Creating property cohesionEnergyDensity with args cohesionEnergyDensity peratomtypepair 3 0.0 0.0 0.0 0.0 0.05 0.05 0.0 0.05 0.05
2025-04-11 13:54:23,515:INFO: Creating property coefficientRestitution with args coefficientRestitution peratomtypepair 3 0.9 0.9 0.9 0.9 0.9 0.9 0.9 0.9 0.9
2025-04-11 13:54:23,515:INFO: Creating property coefficientRollingViscousDamping with args coefficientRollingViscousDamping peratomtypepair 3 0.1 0.1 0.1 0.1 0.1 0.1 0.1 0.1 0.1
2025-04-11 13:54:23,515:INFO: Creating property yieldPress with args yieldPress peratomtype 2200000.0 62000000000.0 62000000000.0
2025-04-11 13:54:23,516:INFO: Creating property characteristicVelocity with args characteristicVelocity scalar 0.1 0.1 0.1
2025-04-11 13:54:23,516:INFO: Setting up printing options
2025-04-11 13:54:23,516:INFO: Setting up integration scheme parameters
2025-04-11 13:54:23,516:INFO: Integrating the system for 100000.0 steps
2025-04-11 13:54:38,016:INFO: Using /home/bd8619/pygran/LIGGGHTS-PUBLIC/src/libliggghts.so for DEM computations
2025-04-11 13:54:38,038:INFO: Working in /home/bd8619/fluids/bottleneck/sphere_far/DEM_flow
2025-04-11 13:54:38,038:INFO: Creating i/o directories
2025-04-11 13:54:38,038:INFO: Instantiated DEMPy object
2025-04-11 13:54:38,038:INFO: Using /home/bd8619/pygran/LIGGGHTS-PUBLIC/src/libliggghts.so as a shared library for DEM computations
2025-04-11 13:54:38,038:INFO: Setting up problem dimensions and boundaries
2025-04-11 13:54:38,039:INFO: Initializing simulation with PyGranSim version v1.1.0
2025-04-11 13:54:38,039:INFO: Initializing MPI for a total of 1 cores
2025-04-11 13:54:38,039:INFO: Using 1 cores per simulation
2025-04-11 13:54:38,039:DEBUG: Attempting to backup fitting_test.py file
2025-04-11 13:54:38,039:INFO: Creating domain
2025-04-11 13:54:38,040:INFO: Setting up interaction parameters
2025-04-11 13:54:38,040:INFO: Setting up nearest neighbor searching parameters
2025-04-11 13:54:38,041:INFO: Setting up particles for group1
2025-04-11 13:54:38,041:INFO: Setting up integration scheme parameters
2025-04-11 13:54:38,041:INFO: Importing mesh from /home/bd8619/fluids/bottleneck/sphere_far/mesh/silo.stl
2025-04-11 13:54:38,045:INFO: Importing mesh from /home/bd8619/fluids/bottleneck/sphere_far/mesh/sphere.stl
2025-04-11 13:54:38,049:INFO: Setting up trajectory i/o
2025-04-11 13:54:38,049:INFO: Creating property youngsModulus with args youngsModulus peratomtype 10000000.0 63000000000.0 63000000000.0
2025-04-11 13:54:38,049:INFO: Creating property poissonsRatio with args poissonsRatio peratomtype 0.25 0.24 0.24
2025-04-11 13:54:38,049:INFO: Creating property coefficientFriction with args coefficientFriction peratomtypepair 3 0.5 0.5 0.5 0.5 0.5 0.5 0.5 0.5 0.5
2025-04-11 13:54:38,049:INFO: Creating property coefficientRollingFriction with args coefficientRollingFriction peratomtypepair 3 0.0 0.0 0.0 0.0 0.0 0.0 0.0 0.0 0.0
2025-04-11 13:54:38,049:INFO: Creating property cohesionEnergyDensity with args cohesionEnergyDensity peratomtypepair 3 0.0 0.0 0.0 0.0 0.05 0.05 0.0 0.05 0.05
2025-04-11 13:54:38,049:INFO: Creating property coefficientRestitution with args coefficientRestitution peratomtypepair 3 0.9 0.9 0.9 0.9 0.9 0.9 0.9 0.9 0.9
2025-04-11 13:54:38,049:INFO: Creating property coefficientRollingViscousDamping with args coefficientRollingViscousDamping peratomtypepair 3 0.1 0.1 0.1 0.1 0.1 0.1 0.1 0.1 0.1
2025-04-11 13:54:38,049:INFO: Creating property yieldPress with args yieldPress peratomtype 2200000.0 62000000000.0 62000000000.0
2025-04-11 13:54:38,049:INFO: Creating property characteristicVelocity with args characteristicVelocity scalar 0.1 0.1 0.1
2025-04-11 13:54:38,049:INFO: Setting up printing options
2025-04-11 13:54:38,050:INFO: Setting up integration scheme parameters
2025-04-11 13:54:38,050:INFO: Integrating the system for 100000.0 steps
2025-04-11 13:54:50,567:INFO: Using /home/bd8619/pygran/LIGGGHTS-PUBLIC/src/libliggghts.so for DEM computations
2025-04-11 13:54:50,587:INFO: Working in /home/bd8619/fluids/bottleneck/sphere_far/DEM_flow
2025-04-11 13:54:50,587:INFO: Creating i/o directories
2025-04-11 13:54:50,587:INFO: Instantiated DEMPy object
2025-04-11 13:54:50,587:INFO: Using /home/bd8619/pygran/LIGGGHTS-PUBLIC/src/libliggghts.so as a shared library for DEM computations
2025-04-11 13:54:50,588:INFO: Setting up problem dimensions and boundaries
2025-04-11 13:54:50,588:INFO: Initializing simulation with PyGranSim version v1.1.0
2025-04-11 13:54:50,588:INFO: Initializing MPI for a total of 1 cores
2025-04-11 13:54:50,588:INFO: Using 1 cores per simulation
2025-04-11 13:54:50,588:DEBUG: Attempting to backup fitting_test.py file
2025-04-11 13:54:50,588:INFO: Creating domain
2025-04-11 13:54:50,589:INFO: Setting up interaction parameters
2025-04-11 13:54:50,589:INFO: Setting up nearest neighbor searching parameters
2025-04-11 13:54:50,590:INFO: Setting up particles for group1
2025-04-11 13:54:50,590:INFO: Setting up integration scheme parameters
2025-04-11 13:54:50,590:INFO: Importing mesh from /home/bd8619/fluids/bottleneck/sphere_far/mesh/silo.stl
2025-04-11 13:54:50,593:INFO: Importing mesh from /home/bd8619/fluids/bottleneck/sphere_far/mesh/sphere.stl
2025-04-11 13:54:50,599:INFO: Setting up trajectory i/o
2025-04-11 13:54:50,599:INFO: Creating property youngsModulus with args youngsModulus peratomtype 10000000.0 63000000000.0 63000000000.0
2025-04-11 13:54:50,599:INFO: Creating property poissonsRatio with args poissonsRatio peratomtype 0.25 0.24 0.24
2025-04-11 13:54:50,599:INFO: Creating property coefficientFriction with args coefficientFriction peratomtypepair 3 0.5 0.5 0.5 0.5 0.5 0.5 0.5 0.5 0.5
2025-04-11 13:54:50,599:INFO: Creating property coefficientRollingFriction with args coefficientRollingFriction peratomtypepair 3 0.0 0.0 0.0 0.0 0.0 0.0 0.0 0.0 0.0
2025-04-11 13:54:50,599:INFO: Creating property cohesionEnergyDensity with args cohesionEnergyDensity peratomtypepair 3 0.0 0.0 0.0 0.0 0.05 0.05 0.0 0.05 0.05
2025-04-11 13:54:50,599:INFO: Creating property coefficientRestitution with args coefficientRestitution peratomtypepair 3 0.9 0.9 0.9 0.9 0.9 0.9 0.9 0.9 0.9
2025-04-11 13:54:50,599:INFO: Creating property coefficientRollingViscousDamping with args coefficientRollingViscousDamping peratomtypepair 3 0.1 0.1 0.1 0.1 0.1 0.1 0.1 0.1 0.1
2025-04-11 13:54:50,599:INFO: Creating property yieldPress with args yieldPress peratomtype 2200000.0 62000000000.0 62000000000.0
2025-04-11 13:54:50,599:INFO: Creating property characteristicVelocity with args characteristicVelocity scalar 0.1 0.1 0.1
2025-04-11 13:54:50,599:INFO: Setting up printing options
2025-04-11 13:54:50,600:INFO: Setting up integration scheme parameters
2025-04-11 13:54:50,600:INFO: Integrating the system for 100000.0 steps
2025-04-11 13:54:51,502:INFO: Setting up integration scheme parameters
2025-04-11 13:54:51,502:INFO: Integrating the system for 10000.0 steps
2025-04-11 13:55:30,883:INFO: Using /home/bd8619/pygran/LIGGGHTS-PUBLIC/src/libliggghts.so for DEM computations
2025-04-11 13:55:30,902:INFO: Working in /home/bd8619/fluids/bottleneck/sphere_far/DEM_flow
2025-04-11 13:55:30,902:INFO: Creating i/o directories
2025-04-11 13:55:30,902:INFO: Instantiated DEMPy object
2025-04-11 13:55:30,902:INFO: Using /home/bd8619/pygran/LIGGGHTS-PUBLIC/src/libliggghts.so as a shared library for DEM computations
2025-04-11 13:55:30,903:INFO: Setting up problem dimensions and boundaries
2025-04-11 13:55:30,903:INFO: Initializing simulation with PyGranSim version v1.1.0
2025-04-11 13:55:30,903:INFO: Initializing MPI for a total of 1 cores
2025-04-11 13:55:30,903:INFO: Using 1 cores per simulation
2025-04-11 13:55:30,903:DEBUG: Attempting to backup test.py file
2025-04-11 13:55:30,904:INFO: Creating domain
2025-04-11 13:55:30,905:INFO: Setting up interaction parameters
2025-04-11 13:55:30,905:INFO: Setting up nearest neighbor searching parameters
2025-04-11 13:55:30,905:INFO: Setting up particles for group1
2025-04-11 13:55:30,905:INFO: Setting up integration scheme parameters
2025-04-11 13:55:30,905:INFO: Importing mesh from /home/bd8619/fluids/bottleneck/sphere_far/mesh/silo.stl
2025-04-11 13:55:30,908:INFO: Importing mesh from /home/bd8619/fluids/bottleneck/sphere_far/mesh/sphere.stl
2025-04-11 13:55:30,913:INFO: Setting up trajectory i/o
2025-04-11 13:55:30,913:INFO: Creating property youngsModulus with args youngsModulus peratomtype 10000000.0 63000000000.0 63000000000.0
2025-04-11 13:55:30,913:INFO: Creating property poissonsRatio with args poissonsRatio peratomtype 0.25 0.24 0.24
2025-04-11 13:55:30,913:INFO: Creating property coefficientFriction with args coefficientFriction peratomtypepair 3 0.5 0.5 0.5 0.5 0.5 0.5 0.5 0.5 0.5
2025-04-11 13:55:30,913:INFO: Creating property coefficientRollingFriction with args coefficientRollingFriction peratomtypepair 3 0.0 0.0 0.0 0.0 0.0 0.0 0.0 0.0 0.0
2025-04-11 13:55:30,913:INFO: Creating property cohesionEnergyDensity with args cohesionEnergyDensity peratomtypepair 3 0.0 0.0 0.0 0.0 0.05 0.05 0.0 0.05 0.05
2025-04-11 13:55:30,913:INFO: Creating property coefficientRestitution with args coefficientRestitution peratomtypepair 3 0.9 0.9 0.9 0.9 0.9 0.9 0.9 0.9 0.9
2025-04-11 13:55:30,913:INFO: Creating property coefficientRollingViscousDamping with args coefficientRollingViscousDamping peratomtypepair 3 0.1 0.1 0.1 0.1 0.1 0.1 0.1 0.1 0.1
2025-04-11 13:55:30,913:INFO: Creating property yieldPress with args yieldPress peratomtype 2200000.0 62000000000.0 62000000000.0
2025-04-11 13:55:30,913:INFO: Creating property characteristicVelocity with args characteristicVelocity scalar 0.1 0.1 0.1
2025-04-11 13:55:30,913:INFO: Setting up printing options
2025-04-11 13:55:30,913:INFO: Inserting particles for species 1
2025-04-11 13:55:30,913:INFO: Setting up integration scheme parameters
2025-04-11 13:55:30,913:INFO: Integrating the system for 100000.0 steps
2025-04-11 13:57:03,566:INFO: Setting up integration scheme parameters
2025-04-11 13:57:03,566:INFO: Integrating the system for 500000.0 steps
