2025-04-11 08:56:46,808:INFO: Using /home/bd8619/pygran/LIGGGHTS-PUBLIC/src/libliggghts.so for DEM computations
2025-04-11 08:56:46,844:INFO: Working in /home/bd8619/fluids/bottleneck/sphere_2/DEM_flow
2025-04-11 08:56:46,844:INFO: Creating i/o directories
2025-04-11 08:56:46,844:INFO: Instantiated DEMPy object
2025-04-11 08:56:46,845:INFO: Using /home/bd8619/pygran/LIGGGHTS-PUBLIC/src/libliggghts.so as a shared library for DEM computations
2025-04-11 08:56:46,846:INFO: Setting up problem dimensions and boundaries
2025-04-11 08:56:46,846:INFO: Initializing simulation with PyGranSim version v1.1.0
2025-04-11 08:56:46,846:INFO: Initializing MPI for a total of 1 cores
2025-04-11 08:56:46,846:INFO: Using 1 cores per simulation
2025-04-11 08:56:46,847:DEBUG: Attempting to backup test.py file
2025-04-11 08:56:46,847:INFO: Creating domain
2025-04-11 08:56:46,848:INFO: Setting up interaction parameters
2025-04-11 08:56:46,849:INFO: Setting up nearest neighbor searching parameters
2025-04-11 08:56:46,849:INFO: Setting up particles for group1
2025-04-11 08:56:46,849:INFO: Setting up integration scheme parameters
2025-04-11 08:56:46,849:INFO: Importing mesh from /home/bd8619/fluids/bottleneck/sphere_2/mesh/silo.stl
2025-04-11 08:56:46,856:INFO: Importing mesh from /home/bd8619/fluids/bottleneck/sphere_2/mesh/sphere.stl
2025-04-11 08:56:46,869:INFO: Setting up trajectory i/o
2025-04-11 08:56:46,870:INFO: Creating property youngsModulus with args youngsModulus peratomtype 10000000.0 63000000000.0 63000000000.0
2025-04-11 08:56:46,871:INFO: Creating property poissonsRatio with args poissonsRatio peratomtype 0.25 0.24 0.24
2025-04-11 08:56:46,871:INFO: Creating property coefficientFriction with args coefficientFriction peratomtypepair 3 0.5 0.5 0.5 0.5 0.5 0.5 0.5 0.5 0.5
2025-04-11 08:56:46,872:INFO: Creating property coefficientRollingFriction with args coefficientRollingFriction peratomtypepair 3 0.0 0.0 0.0 0.0 0.0 0.0 0.0 0.0 0.0
2025-04-11 08:56:46,872:INFO: Creating property cohesionEnergyDensity with args cohesionEnergyDensity peratomtypepair 3 0.0 0.0 0.0 0.0 0.05 0.05 0.0 0.05 0.05
2025-04-11 08:56:46,872:INFO: Creating property coefficientRestitution with args coefficientRestitution peratomtypepair 3 0.9 0.9 0.9 0.9 0.9 0.9 0.9 0.9 0.9
2025-04-11 08:56:46,872:INFO: Creating property coefficientRollingViscousDamping with args coefficientRollingViscousDamping peratomtypepair 3 0.1 0.1 0.1 0.1 0.1 0.1 0.1 0.1 0.1
2025-04-11 08:56:46,872:INFO: Creating property yieldPress with args yieldPress peratomtype 2200000.0 62000000000.0 62000000000.0
2025-04-11 08:56:46,872:INFO: Creating property characteristicVelocity with args characteristicVelocity scalar 0.1 0.1 0.1
2025-04-11 08:56:46,872:INFO: Setting up printing options
2025-04-11 08:56:46,873:INFO: Inserting particles for species 1
2025-04-11 08:56:46,874:INFO: Setting up integration scheme parameters
2025-04-11 08:56:46,874:INFO: Integrating the system for 100000.0 steps
2025-04-11 09:00:14,944:INFO: Setting up integration scheme parameters
2025-04-11 09:00:14,945:INFO: Integrating the system for 500000.0 steps
2025-04-11 09:02:00,372:INFO: Using /home/bd8619/pygran/LIGGGHTS-PUBLIC/src/libliggghts.so for DEM computations
2025-04-11 09:02:00,404:INFO: Working in /home/bd8619/fluids/bottleneck/sphere_2/DEM_flow
2025-04-11 09:02:00,404:INFO: Creating i/o directories
2025-04-11 09:02:00,404:INFO: Instantiated DEMPy object
2025-04-11 09:02:00,404:INFO: Using /home/bd8619/pygran/LIGGGHTS-PUBLIC/src/libliggghts.so as a shared library for DEM computations
2025-04-11 09:02:00,405:INFO: Setting up problem dimensions and boundaries
2025-04-11 09:02:00,405:INFO: Initializing simulation with PyGranSim version v1.1.0
2025-04-11 09:02:00,405:INFO: Initializing MPI for a total of 1 cores
2025-04-11 09:02:00,405:INFO: Using 1 cores per simulation
2025-04-11 09:02:00,405:DEBUG: Attempting to backup test.py file
2025-04-11 09:02:00,405:INFO: Creating domain
2025-04-11 09:02:00,407:INFO: Setting up interaction parameters
2025-04-11 09:02:00,407:INFO: Setting up nearest neighbor searching parameters
2025-04-11 09:02:00,407:INFO: Setting up particles for group1
2025-04-11 09:02:00,408:INFO: Setting up integration scheme parameters
2025-04-11 09:02:00,409:INFO: Importing mesh from /home/bd8619/fluids/bottleneck/sphere_2/mesh/silo.stl
2025-04-11 09:02:00,420:INFO: Importing mesh from /home/bd8619/fluids/bottleneck/sphere_2/mesh/sphere.stl
2025-04-11 09:02:00,430:INFO: Setting up trajectory i/o
2025-04-11 09:02:00,430:INFO: Creating property youngsModulus with args youngsModulus peratomtype 10000000.0 63000000000.0 63000000000.0
2025-04-11 09:02:00,430:INFO: Creating property poissonsRatio with args poissonsRatio peratomtype 0.25 0.24 0.24
2025-04-11 09:02:00,431:INFO: Creating property coefficientFriction with args coefficientFriction peratomtypepair 3 0.5 0.5 0.5 0.5 0.5 0.5 0.5 0.5 0.5
2025-04-11 09:02:00,431:INFO: Creating property coefficientRollingFriction with args coefficientRollingFriction peratomtypepair 3 0.0 0.0 0.0 0.0 0.0 0.0 0.0 0.0 0.0
2025-04-11 09:02:00,431:INFO: Creating property cohesionEnergyDensity with args cohesionEnergyDensity peratomtypepair 3 0.0 0.0 0.0 0.0 0.05 0.05 0.0 0.05 0.05
2025-04-11 09:02:00,431:INFO: Creating property coefficientRestitution with args coefficientRestitution peratomtypepair 3 0.9 0.9 0.9 0.9 0.9 0.9 0.9 0.9 0.9
2025-04-11 09:02:00,431:INFO: Creating property coefficientRollingViscousDamping with args coefficientRollingViscousDamping peratomtypepair 3 0.1 0.1 0.1 0.1 0.1 0.1 0.1 0.1 0.1
2025-04-11 09:02:00,431:INFO: Creating property yieldPress with args yieldPress peratomtype 2200000.0 62000000000.0 62000000000.0
2025-04-11 09:02:00,431:INFO: Creating property characteristicVelocity with args characteristicVelocity scalar 0.1 0.1 0.1
2025-04-11 09:02:00,431:INFO: Setting up printing options
2025-04-11 09:02:00,431:INFO: Inserting particles for species 1
2025-04-11 09:02:00,432:INFO: Setting up integration scheme parameters
2025-04-11 09:02:00,432:INFO: Integrating the system for 100000.0 steps
2025-04-11 09:05:32,182:INFO: Setting up integration scheme parameters
2025-04-11 09:05:32,183:INFO: Integrating the system for 500000.0 steps
