2025-04-10 21:29:02,056:INFO: Using /home/bd8619/pygran/LIGGGHTS-PUBLIC/src/libliggghts.so for DEM computations
2025-04-10 21:29:02,114:INFO: Working in /home/bd8619/fluids/tube_extralong_sim/DEM_flow
2025-04-10 21:29:02,114:INFO: Creating i/o directories
2025-04-10 21:29:02,115:INFO: Instantiated DEMPy object
2025-04-10 21:29:02,115:INFO: Using /home/bd8619/pygran/LIGGGHTS-PUBLIC/src/libliggghts.so as a shared library for DEM computations
2025-04-10 21:29:02,123:INFO: Setting up problem dimensions and boundaries
2025-04-10 21:29:02,123:INFO: Initializing simulation with PyGranSim version v1.1.0
2025-04-10 21:29:02,123:INFO: Initializing MPI for a total of 1 cores
2025-04-10 21:29:02,123:INFO: Using 1 cores per simulation
2025-04-10 21:29:02,123:DEBUG: Attempting to backup test.py file
2025-04-10 21:29:02,123:INFO: Creating domain
2025-04-10 21:29:02,126:INFO: Setting up interaction parameters
2025-04-10 21:29:02,127:INFO: Setting up nearest neighbor searching parameters
2025-04-10 21:29:02,127:INFO: Setting up particles for group1
2025-04-10 21:29:02,129:INFO: Setting up integration scheme parameters
2025-04-10 21:29:02,129:INFO: Importing mesh from /home/bd8619/fluids/tube_extralong_sim/mesh/silo.stl
2025-04-10 21:29:02,133:INFO: Importing mesh from /home/bd8619/fluids/tube_extralong_sim/mesh/tube.stl
2025-04-10 21:29:03,613:INFO: Setting up trajectory i/o
2025-04-10 21:29:03,623:INFO: Creating property youngsModulus with args youngsModulus peratomtype 10000000.0 63000000000.0 63000000000.0
2025-04-10 21:29:03,627:INFO: Creating property poissonsRatio with args poissonsRatio peratomtype 0.25 0.24 0.24
2025-04-10 21:29:03,627:INFO: Creating property coefficientFriction with args coefficientFriction peratomtypepair 3 0.5 0.5 0.5 0.5 0.5 0.5 0.5 0.5 0.5
2025-04-10 21:29:03,627:INFO: Creating property coefficientRollingFriction with args coefficientRollingFriction peratomtypepair 3 0.0 0.0 0.0 0.0 0.0 0.0 0.0 0.0 0.0
2025-04-10 21:29:03,627:INFO: Creating property cohesionEnergyDensity with args cohesionEnergyDensity peratomtypepair 3 0.0 0.0 0.0 0.0 0.05 0.05 0.0 0.05 0.05
2025-04-10 21:29:03,627:INFO: Creating property coefficientRestitution with args coefficientRestitution peratomtypepair 3 0.9 0.9 0.9 0.9 0.9 0.9 0.9 0.9 0.9
2025-04-10 21:29:03,627:INFO: Creating property coefficientRollingViscousDamping with args coefficientRollingViscousDamping peratomtypepair 3 0.1 0.1 0.1 0.1 0.1 0.1 0.1 0.1 0.1
2025-04-10 21:29:03,627:INFO: Creating property yieldPress with args yieldPress peratomtype 2200000.0 62000000000.0 62000000000.0
2025-04-10 21:29:03,627:INFO: Creating property characteristicVelocity with args characteristicVelocity scalar 0.1 0.1 0.1
2025-04-10 21:29:03,627:INFO: Setting up printing options
2025-04-10 21:29:03,627:INFO: Inserting particles for species 1
2025-04-10 21:29:03,628:INFO: Setting up integration scheme parameters
2025-04-10 21:29:03,628:INFO: Integrating the system for 100000.0 steps
2025-04-10 21:30:42,342:INFO: Setting up integration scheme parameters
2025-04-10 21:30:42,342:INFO: Integrating the system for 500000.0 steps
