2025-04-12 20:38:49,779:INFO: Using /home/bd8619/pygran/LIGGGHTS-PUBLIC/src/libliggghts.so for DEM computations
2025-04-12 20:38:49,825:INFO: Working in /home/bd8619/fluids/sphere_and_pipe/DEM_flow
2025-04-12 20:38:49,825:INFO: Creating i/o directories
2025-04-12 20:38:49,826:INFO: Instantiated DEMPy object
2025-04-12 20:38:49,826:INFO: Using /home/bd8619/pygran/LIGGGHTS-PUBLIC/src/libliggghts.so as a shared library for DEM computations
2025-04-12 20:38:49,827:INFO: Setting up problem dimensions and boundaries
2025-04-12 20:38:49,827:INFO: Initializing simulation with PyGranSim version v1.1.0
2025-04-12 20:38:49,827:INFO: Initializing MPI for a total of 1 cores
2025-04-12 20:38:49,827:INFO: Using 1 cores per simulation
2025-04-12 20:38:49,827:DEBUG: Attempting to backup test.py file
2025-04-12 20:38:49,827:INFO: Creating domain
2025-04-12 20:38:49,828:INFO: Setting up interaction parameters
2025-04-12 20:38:49,829:INFO: Setting up nearest neighbor searching parameters
2025-04-12 20:38:49,829:INFO: Setting up particles for group1
2025-04-12 20:38:49,829:INFO: Setting up integration scheme parameters
2025-04-12 20:38:49,829:INFO: Importing mesh from /home/bd8619/fluids/sphere_and_pipe/mesh/silo.stl
2025-04-12 20:38:49,839:INFO: Importing mesh from /home/bd8619/fluids/sphere_and_pipe/mesh/sphere.stl
2025-04-12 20:38:49,852:INFO: Importing mesh from /home/bd8619/fluids/sphere_and_pipe/mesh/tube.stl
2025-04-12 20:38:50,262:INFO: Setting up trajectory i/o
2025-04-12 20:38:50,262:INFO: Creating property youngsModulus with args youngsModulus peratomtype 10000000.0 63000000000.0 63000000000.0 63000000000.0
2025-04-12 20:38:50,263:INFO: Creating property poissonsRatio with args poissonsRatio peratomtype 0.25 0.24 0.24 0.24
2025-04-12 20:38:50,263:INFO: Creating property coefficientFriction with args coefficientFriction peratomtypepair 4 0.5 0.5 0.5 0.5 0.5 0.5 0.5 0.5 0.5 0.5 0.5 0.5 0.5 0.5 0.5 0.5
2025-04-12 20:38:50,263:INFO: Creating property coefficientRollingFriction with args coefficientRollingFriction peratomtypepair 4 0.0 0.0 0.0 0.0 0.0 0.0 0.0 0.0 0.0 0.0 0.0 0.0 0.0 0.0 0.0 0.0
2025-04-12 20:38:50,263:INFO: Creating property cohesionEnergyDensity with args cohesionEnergyDensity peratomtypepair 4 0.0 0.0 0.0 0.0 0.0 0.05 0.05 0.05 0.0 0.05 0.05 0.05 0.0 0.05 0.05 0.05
2025-04-12 20:38:50,263:INFO: Creating property coefficientRestitution with args coefficientRestitution peratomtypepair 4 0.9 0.9 0.9 0.9 0.9 0.9 0.9 0.9 0.9 0.9 0.9 0.9 0.9 0.9 0.9 0.9
2025-04-12 20:38:50,263:INFO: Creating property coefficientRollingViscousDamping with args coefficientRollingViscousDamping peratomtypepair 4 0.1 0.1 0.1 0.1 0.1 0.1 0.1 0.1 0.1 0.1 0.1 0.1 0.1 0.1 0.1 0.1
2025-04-12 20:38:50,263:INFO: Creating property yieldPress with args yieldPress peratomtype 2200000.0 62000000000.0 62000000000.0 62000000000.0
2025-04-12 20:38:50,263:INFO: Creating property characteristicVelocity with args characteristicVelocity scalar 0.1 0.1 0.1 0.1
2025-04-12 20:38:50,263:INFO: Setting up printing options
2025-04-12 20:38:50,263:INFO: Inserting particles for species 1
2025-04-12 20:38:50,263:INFO: Setting up integration scheme parameters
2025-04-12 20:38:50,263:INFO: Integrating the system for 100000.0 steps
2025-04-12 21:05:27,861:INFO: Setting up integration scheme parameters
2025-04-12 21:05:27,861:INFO: Integrating the system for 1000000.0 steps
